Flow report for main
Mon Nov 29 22:03:06 2021
Quartus Prime Version 17.0.0 Build 595 04/25/2017 SJ Lite Edition


---------------------
; Table of Contents ;
---------------------
  1. Legal Notice
  2. Flow Summary
  3. Flow Settings
  4. Flow Non-Default Global Settings
  5. Flow Elapsed Time
  6. Flow OS Summary
  7. Flow Log
  8. Flow Messages
  9. Flow Suppressed Messages



----------------
; Legal Notice ;
----------------
Copyright (C) 2017  Intel Corporation. All rights reserved.
Your use of Intel Corporation's design tools, logic functions 
and other software and tools, and its AMPP partner logic 
functions, and any output files from any of the foregoing 
(including device programming or simulation files), and any 
associated documentation or information are expressly subject 
to the terms and conditions of the Intel Program License 
Subscription Agreement, the Intel Quartus Prime License Agreement,
the Intel MegaCore Function License Agreement, or other 
applicable license agreement, including, without limitation, 
that your use is for the sole purpose of programming logic 
devices manufactured by Intel and sold by Intel or its 
authorized distributors.  Please refer to the applicable 
agreement for further details.



+-------------------------------------------------------------------------------+
; Flow Summary                                                                  ;
+---------------------------------+---------------------------------------------+
; Flow Status                     ; Successful - Mon Nov 29 22:02:05 2021       ;
; Quartus Prime Version           ; 17.0.0 Build 595 04/25/2017 SJ Lite Edition ;
; Revision Name                   ; main                                        ;
; Top-level Entity Name           ; de1_soc                                     ;
; Family                          ; Cyclone V                                   ;
; Device                          ; 5CSEMA5F31C6                                ;
; Timing Models                   ; Final                                       ;
; Logic utilization (in ALMs)     ; 2,646 / 32,070 ( 8 % )                      ;
; Total registers                 ; 2431                                        ;
; Total pins                      ; 209 / 457 ( 46 % )                          ;
; Total virtual pins              ; 0                                           ;
; Total block memory bits         ; 363,183 / 4,065,280 ( 9 % )                 ;
; Total DSP Blocks                ; 33 / 87 ( 38 % )                            ;
; Total HSSI RX PCSs              ; 0                                           ;
; Total HSSI PMA RX Deserializers ; 0                                           ;
; Total HSSI TX PCSs              ; 0                                           ;
; Total HSSI PMA TX Serializers   ; 0                                           ;
; Total PLLs                      ; 2 / 6 ( 33 % )                              ;
; Total DLLs                      ; 0 / 4 ( 0 % )                               ;
+---------------------------------+---------------------------------------------+


+-----------------------------------------+
; Flow Settings                           ;
+-------------------+---------------------+
; Option            ; Setting             ;
+-------------------+---------------------+
; Start date & time ; 11/29/2021 21:53:19 ;
; Main task         ; Compilation         ;
; Revision Name     ; main                ;
+-------------------+---------------------+


+------------------------------------------------------------------------------------------------------------------------------------------------------------------+
; Flow Non-Default Global Settings                                                                                                                                 ;
+-------------------------------------+---------------------------------------------------------------------------------+---------------+-------------+------------+
; Assignment Name                     ; Value                                                                           ; Default Value ; Entity Name ; Section Id ;
+-------------------------------------+---------------------------------------------------------------------------------+---------------+-------------+------------+
; COMPILER_SIGNATURE_ID               ; 10995770589195.163825159808700                                                  ; --            ; --          ; --         ;
; MAX_CORE_JUNCTION_TEMP              ; 85                                                                              ; --            ; --          ; --         ;
; MIN_CORE_JUNCTION_TEMP              ; 0                                                                               ; --            ; --          ; --         ;
; MISC_FILE                           ; //DESKTOP-7O7P6TO/Users/Public/Documents/BNB/Lab_3/SoC_3/code/pll_for_disp_bb.v ; --            ; --          ; --         ;
; MISC_FILE                           ; //DESKTOP-7O7P6TO/Users/Public/Documents/BNB/Lab_3/SoC_3/code/pll_for_disp.ppf  ; --            ; --          ; --         ;
; MISC_FILE                           ; //DESKTOP-7O7P6TO/Users/Public/Documents/BNB/Lab_3/SoC_3/code/pll_bb.v          ; --            ; --          ; --         ;
; MISC_FILE                           ; //DESKTOP-7O7P6TO/Users/Public/Documents/BNB/Lab_3/SoC_3/code/pll.ppf           ; --            ; --          ; --         ;
; MISC_FILE                           ; //DESKTOP-7O7P6TO/Users/Public/Documents/BNB/Lab_3/SoC_3/code/fifo_big_bb.v     ; --            ; --          ; --         ;
; PARTITION_COLOR                     ; -- (Not supported for targeted family)                                          ; --            ; de1_soc     ; Top        ;
; PARTITION_FITTER_PRESERVATION_LEVEL ; -- (Not supported for targeted family)                                          ; --            ; de1_soc     ; Top        ;
; PARTITION_NETLIST_TYPE              ; -- (Not supported for targeted family)                                          ; --            ; de1_soc     ; Top        ;
; POWER_BOARD_THERMAL_MODEL           ; None (CONSERVATIVE)                                                             ; --            ; --          ; --         ;
; POWER_PRESET_COOLING_SOLUTION       ; 23 MM HEAT SINK WITH 200 LFPM AIRFLOW                                           ; --            ; --          ; --         ;
; PROJECT_OUTPUT_DIRECTORY            ; output_files                                                                    ; --            ; --          ; --         ;
; SYNTHESIS_EFFORT                    ; Fast                                                                            ; Auto          ; --          ; --         ;
; TOP_LEVEL_ENTITY                    ; de1_soc                                                                         ; main          ; --          ; --         ;
+-------------------------------------+---------------------------------------------------------------------------------+---------------+-------------+------------+


+-------------------------------------------------------------------------------------------------------------------------------+
; Flow Elapsed Time                                                                                                             ;
+---------------------------+--------------+-------------------------+---------------------+------------------------------------+
; Module Name               ; Elapsed Time ; Average Processors Used ; Peak Virtual Memory ; Total CPU Time (on all processors) ;
+---------------------------+--------------+-------------------------+---------------------+------------------------------------+
; Analysis & Synthesis      ; 00:00:44     ; 1.0                     ; 4891 MB             ; 00:01:01                           ;
; Fitter                    ; 00:07:34     ; 1.1                     ; 6372 MB             ; 00:11:15                           ;
; Assembler                 ; 00:00:18     ; 1.0                     ; 4908 MB             ; 00:00:15                           ;
; TimeQuest Timing Analyzer ; 00:00:57     ; 1.4                     ; 5275 MB             ; 00:01:13                           ;
; Total                     ; 00:09:33     ; --                      ; --                  ; 00:13:44                           ;
+---------------------------+--------------+-------------------------+---------------------+------------------------------------+


+-----------------------------------------------------------------------------------------+
; Flow OS Summary                                                                         ;
+---------------------------+------------------+------------+------------+----------------+
; Module Name               ; Machine Hostname ; OS Name    ; OS Version ; Processor type ;
+---------------------------+------------------+------------+------------+----------------+
; Analysis & Synthesis      ; DESKTOP-7O7P6TO  ; Windows 10 ; 10.0       ; x86_64         ;
; Fitter                    ; DESKTOP-7O7P6TO  ; Windows 10 ; 10.0       ; x86_64         ;
; Assembler                 ; DESKTOP-7O7P6TO  ; Windows 10 ; 10.0       ; x86_64         ;
; TimeQuest Timing Analyzer ; DESKTOP-7O7P6TO  ; Windows 10 ; 10.0       ; x86_64         ;
+---------------------------+------------------+------------+------------+----------------+


------------
; Flow Log ;
------------
quartus_map --read_settings_files=on --write_settings_files=off main -c main
quartus_fit --read_settings_files=off --write_settings_files=off main -c main
quartus_asm --read_settings_files=off --write_settings_files=off main -c main
quartus_sta main -c main



